{
  "exclude": {
    "files": "(^|/)(package-lock\\.json|yarn\\.lock|pnpm-lock\\.yaml|Pipfile\\.lock|poetry\\.lock|Gemfile\\.lock|composer\\.lock)$|^.secrets.baseline$",
    "lines": null
  },
  "generated_at": "2026-09-15T04:41:33Z",
  "plugins_used": [
    {
      "name": "AWSKeyDetector"
    },
    {
      "name": "ArtifactoryDetector"
    },
    {
      "name": "AzureStorageKeyDetector"
    },
    {
      "base64_limit": 4.5,
      "name": "Base64HighEntropyString"
    },
    {
      "name": "BasicAuthDetector"
    },
    {
      "name": "BoxDetector"
    },
    {
      "name": "CloudantDetector"
    },
    {
      "ghe_instance": "github.ibm.com",
      "name": "GheDetector"
    },
    {
      "name": "GitHubTokenDetector"
    },
    {
      "hex_limit": 3,
      "name": "HexHighEntropyString"
    },
    {
      "name": "IbmCloudIamDetector"
    },
    {
      "name": "IbmCosHmacDetector"
    },
    {
      "name": "JwtTokenDetector"
    },
    {
      "keyword_exclude": null,
      "name": "KeywordDetector"
    },
    {
      "name": "MailchimpDetector"
    },
    {
      "name": "NpmDetector"
    },
    {
      "name": "PrivateKeyDetector"
    },
    {
      "name": "SlackDetector"
    },
    {
      "name": "SoftlayerDetector"
    },
    {
      "name": "SquareOAuthDetector"
    },
    {
      "name": "StripeDetector"
    },
    {
      "name": "TwilioKeyDetector"
    }
  ],
  "results": {
    ".github/workflows/rspec-tests.yml": [
      {
        "hashed_secret": "5baa61e4c9b93f3f0682250b6cf8331b7ee68fd8",
        "is_secret": false,
        "is_verified": false,
        "line_number": 73,
        "type": "Basic Auth Credentials",
        "verified_result": null
      }
    ],
    "docker-compose.yml": [
      {
        "hashed_secret": "2725d373c8751c3647bd53748e5f1d74cad70992",
        "is_secret": false,
        "is_verified": false,
        "line_number": 6,
        "type": "Secret Keyword",
        "verified_result": null
      }
    ],
    "spec/dummy/config/database.yml": [
      {
        "hashed_secret": "5baa61e4c9b93f3f0682250b6cf8331b7ee68fd8",
        "is_secret": false,
        "is_verified": false,
        "line_number": 23,
        "type": "Basic Auth Credentials",
        "verified_result": null
      },
      {
        "hashed_secret": "e727d1464ae12436e899a726da5b2f11d8381b26",
        "is_secret": false,
        "is_verified": false,
        "line_number": 68,
        "type": "Basic Auth Credentials",
        "verified_result": null
      }
    ],
    "spec/spec_helper.rb": [
      {
        "hashed_secret": "5baa61e4c9b93f3f0682250b6cf8331b7ee68fd8",
        "is_secret": false,
        "is_verified": false,
        "line_number": 13,
        "type": "Basic Auth Credentials",
        "verified_result": null
      }
    ]
  },
  "version": "0.13.1+ibm.64.dss",
  "word_list": {
    "file": null,
    "hash": null
  }
}
